Testing data loading for 000001 from 20240101 to 20240131
Target path: D:\Codepython\newpy\new/cache_files/debug/market_quotation_1d
stock_df loaded, shape: (44, 32)
Index type: <class 'pandas.core.indexes.datetimes.DatetimeIndex'>
Index values: DatetimeIndex(['2024-01-02', '2024-01-02', '2024-01-03', '2024-01-03',
               '2024-01-04', '2024-01-04', '2024-01-05', '2024-01-05',
               '2024-01-08', '2024-01-08', '2024-01-09', '2024-01-09',
               '2024-01-10', '2024-01-10', '2024-01-11', '2024-01-11',
               '2024-01-12', '2024-01-12', '2024-01-15', '2024-01-15',
               '2024-01-16', '2024-01-16', '2024-01-17', '2024-01-17',
               '2024-01-18', '2024-01-18', '2024-01-19', '2024-01-19',
               '2024-01-22', '2024-01-22', '2024-01-23', '2024-01-23',
               '2024-01-24', '2024-01-24', '2024-01-25', '2024-01-25',
               '2024-01-26', '2024-01-26', '2024-01-29', '2024-01-29',
               '2024-01-30', '2024-01-30', '2024-01-31', '2024-01-31'],
              dtype='datetime64[ns]', name='date', freq=None)
Columns: Index(['inner_code', 'stock_name', 'open', 'high', 'low', 'close', 'volume',
       'turnover', 'trade_status', 'prev_close', 'amount', 'ema(11)',
       'ema(22)', 'macddif(12,26,9)', 'macddea(12,26,9)', 'macdbar(12,26,9)',
       'bbi(3,6,12,24)', 'ma(5)', 'ma(10)', 'ma(20)', 'ma(30)', 'ma(60)',
       'ma(120)', 'ma(250)', 'mavol(3)', 'mavol(5)', 'mavol(10)', 'mavol(20)',
       'market', 'target', 'mrvolmavol(3,1)', 'openinterest'],
      dtype='object')
Backtest range: 2024-01-01 00:00:00 to 2024-01-31 00:00:00
Data start: 2024-01-02 00:00:00
Data end: 2024-01-31 00:00:00
Time range OK
